// Jest Snapshot v1, https://goo.gl/fbAQLP

exports[`Return an Action tyoe RECEIVE_USERS 1`] = `
Object {
  "type": "RECEIVE_USERS",
  "users": Array [
    "Francis",
  ],
}
`;
