// Jest Snapshot v1, https://goo.gl/fbAQLP

exports[`Return an Action tyoe RECEIVE_USER 1`] = `
Object {
  "type": "RECEIVE_USER",
  "user": "Francis",
}
`;
