// Jest Snapshot v1, https://goo.gl/fbAQLP

exports[`<AppNavDrawer /> should render with default props 1`] = `
<Drawer
  disableSwipeToOpen={false}
  docked={true}
  onRequestChange={[Function]}
  open={false}
  openSecondary={false}
  swipeAreaWidth={30}
  width={null}
  zDepth={2}
>
  <div
    onClick={[Function]}
  >
    Course Manager
  </div>
  <MenuItem
    checked={false}
    desktop={false}
    disabled={false}
    focusState="none"
    insetChildren={false}
    onClick={[Function]}
  >
    Students
  </MenuItem>
  <MenuItem
    checked={false}
    desktop={false}
    disabled={false}
    focusState="none"
    insetChildren={false}
    onClick={[Function]}
  >
    Courses
  </MenuItem>
</Drawer>
`;
