// Jest Snapshot v1, https://goo.gl/fbAQLP

exports[`<Home /> should render with default props 1`] = `
<div>
  <h1>
    Dashboard
  </h1>
</div>
`;
