// Jest Snapshot v1, https://goo.gl/fbAQLP

exports[`<WithRouter /> should render with default props 1`] = `
<div>
  Hello World
</div>
`;
