// Jest Snapshot v1, https://goo.gl/fbAQLP

exports[`<WithWidth /> should render with default props 1`] = `
<div>
  Hello World
</div>
`;
